// Jest Snapshot v1, https://goo.gl/fbAQLP

exports[`outputs the correct schema (build version) 1`] = `
"Object{
  Department: Object{
    type: GraphQLList{
      ofType: GraphQLObjectType{
        name: \\"Department\\",
        description: undefined,
        isTypeOf: undefined,
        extensions: undefined,
        astNode: undefined,
        extensionASTNodes: undefined,
        _fields: #function#,
        _interfaces: #function#
      }
    },
    args: [
      Object{
        name: \\"id\\",
        description: null,
        type: GraphQLScalarType{
          name: \\"Int\\",
          description: \\"The \`Int\` scalar type represents non-fractional signed whole numeric values. Int can represent values between -(2^31) and 2^31 - 1.\\",
          serialize: #function#,
          parseValue: #function#,
          parseLiteral: #function#,
          extensions: undefined,
          astNode: undefined,
          extensionASTNodes: undefined
        },
        defaultValue: undefined,
        extensions: undefined,
        astNode: undefined
      },
      Object{
        name: \\"where\\",
        description: \\"A JSON object conforming the the shape specified in http://docs.sequelizejs.com/en/latest/docs/querying/\\",
        type: GraphQLScalarType{
          name: \\"SequelizeJSON\\",
          description: \\"The \`JSON\` scalar type represents raw JSON as values.\\",
          serialize: #function#,
          parseValue: #function#,
          parseLiteral: #function#,
          extensions: undefined,
          astNode: undefined,
          extensionASTNodes: undefined
        },
        defaultValue: undefined,
        extensions: undefined,
        astNode: undefined
      },
      Object{
        name: \\"limit\\",
        description: null,
        type: GraphQLScalarType{
          name: \\"Int\\",
          description: \\"The \`Int\` scalar type represents non-fractional signed whole numeric values. Int can represent values between -(2^31) and 2^31 - 1.\\",
          serialize: #function#,
          parseValue: #function#,
          parseLiteral: #function#,
          extensions: undefined,
          astNode: undefined,
          extensionASTNodes: undefined
        },
        defaultValue: undefined,
        extensions: undefined,
        astNode: undefined
      },
      Object{
        name: \\"order\\",
        description: null,
        type: GraphQLScalarType{
          name: \\"String\\",
          description: \\"The \`String\` scalar type represents textual data, represented as UTF-8 character sequences. The String type is most often used by GraphQL to represent free-form human-readable text.\\",
          serialize: #function#,
          parseValue: #function#,
          parseLiteral: #function#,
          extensions: undefined,
          astNode: undefined,
          extensionASTNodes: undefined
        },
        defaultValue: undefined,
        extensions: undefined,
        astNode: undefined
      },
      Object{
        name: \\"offset\\",
        description: null,
        type: GraphQLScalarType{
          name: \\"Int\\",
          description: \\"The \`Int\` scalar type represents non-fractional signed whole numeric values. Int can represent values between -(2^31) and 2^31 - 1.\\",
          serialize: #function#,
          parseValue: #function#,
          parseLiteral: #function#,
          extensions: undefined,
          astNode: undefined,
          extensionASTNodes: undefined
        },
        defaultValue: undefined,
        extensions: undefined,
        astNode: undefined
      }
    ],
    resolve: #function#,
    name: \\"Department\\",
    description: undefined,
    subscribe: undefined,
    isDeprecated: false,
    deprecationReason: undefined,
    extensions: undefined,
    astNode: undefined
  },
  Group: Object{
    type: GraphQLList{
      ofType: GraphQLObjectType{
        name: \\"Group\\",
        description: undefined,
        isTypeOf: undefined,
        extensions: undefined,
        astNode: undefined,
        extensionASTNodes: undefined,
        _fields: #function#,
        _interfaces: #function#
      }
    },
    args: [
      Object{
        name: \\"id\\",
        description: null,
        type: GraphQLScalarType{
          name: \\"Int\\",
          description: \\"The \`Int\` scalar type represents non-fractional signed whole numeric values. Int can represent values between -(2^31) and 2^31 - 1.\\",
          serialize: #function#,
          parseValue: #function#,
          parseLiteral: #function#,
          extensions: undefined,
          astNode: undefined,
          extensionASTNodes: undefined
        },
        defaultValue: undefined,
        extensions: undefined,
        astNode: undefined
      },
      Object{
        name: \\"where\\",
        description: \\"A JSON object conforming the the shape specified in http://docs.sequelizejs.com/en/latest/docs/querying/\\",
        type: GraphQLScalarType{
          name: \\"SequelizeJSON\\",
          description: \\"The \`JSON\` scalar type represents raw JSON as values.\\",
          serialize: #function#,
          parseValue: #function#,
          parseLiteral: #function#,
          extensions: undefined,
          astNode: undefined,
          extensionASTNodes: undefined
        },
        defaultValue: undefined,
        extensions: undefined,
        astNode: undefined
      },
      Object{
        name: \\"limit\\",
        description: null,
        type: GraphQLScalarType{
          name: \\"Int\\",
          description: \\"The \`Int\` scalar type represents non-fractional signed whole numeric values. Int can represent values between -(2^31) and 2^31 - 1.\\",
          serialize: #function#,
          parseValue: #function#,
          parseLiteral: #function#,
          extensions: undefined,
          astNode: undefined,
          extensionASTNodes: undefined
        },
        defaultValue: undefined,
        extensions: undefined,
        astNode: undefined
      },
      Object{
        name: \\"order\\",
        description: null,
        type: GraphQLScalarType{
          name: \\"String\\",
          description: \\"The \`String\` scalar type represents textual data, represented as UTF-8 character sequences. The String type is most often used by GraphQL to represent free-form human-readable text.\\",
          serialize: #function#,
          parseValue: #function#,
          parseLiteral: #function#,
          extensions: undefined,
          astNode: undefined,
          extensionASTNodes: undefined
        },
        defaultValue: undefined,
        extensions: undefined,
        astNode: undefined
      },
      Object{
        name: \\"offset\\",
        description: null,
        type: GraphQLScalarType{
          name: \\"Int\\",
          description: \\"The \`Int\` scalar type represents non-fractional signed whole numeric values. Int can represent values between -(2^31) and 2^31 - 1.\\",
          serialize: #function#,
          parseValue: #function#,
          parseLiteral: #function#,
          extensions: undefined,
          astNode: undefined,
          extensionASTNodes: undefined
        },
        defaultValue: undefined,
        extensions: undefined,
        astNode: undefined
      }
    ],
    resolve: #function#,
    name: \\"Group\\",
    description: undefined,
    subscribe: undefined,
    isDeprecated: false,
    deprecationReason: undefined,
    extensions: undefined,
    astNode: undefined
  },
  Torrent: Object{
    type: GraphQLList{
      ofType: GraphQLObjectType{
        name: \\"Torrent\\",
        description: undefined,
        isTypeOf: undefined,
        extensions: undefined,
        astNode: undefined,
        extensionASTNodes: undefined,
        _fields: #function#,
        _interfaces: #function#
      }
    },
    args: [
      Object{
        name: \\"id\\",
        description: null,
        type: GraphQLScalarType{
          name: \\"Int\\",
          description: \\"The \`Int\` scalar type represents non-fractional signed whole numeric values. Int can represent values between -(2^31) and 2^31 - 1.\\",
          serialize: #function#,
          parseValue: #function#,
          parseLiteral: #function#,
          extensions: undefined,
          astNode: undefined,
          extensionASTNodes: undefined
        },
        defaultValue: undefined,
        extensions: undefined,
        astNode: undefined
      },
      Object{
        name: \\"where\\",
        description: \\"A JSON object conforming the the shape specified in http://docs.sequelizejs.com/en/latest/docs/querying/\\",
        type: GraphQLScalarType{
          name: \\"SequelizeJSON\\",
          description: \\"The \`JSON\` scalar type represents raw JSON as values.\\",
          serialize: #function#,
          parseValue: #function#,
          parseLiteral: #function#,
          extensions: undefined,
          astNode: undefined,
          extensionASTNodes: undefined
        },
        defaultValue: undefined,
        extensions: undefined,
        astNode: undefined
      },
      Object{
        name: \\"limit\\",
        description: null,
        type: GraphQLScalarType{
          name: \\"Int\\",
          description: \\"The \`Int\` scalar type represents non-fractional signed whole numeric values. Int can represent values between -(2^31) and 2^31 - 1.\\",
          serialize: #function#,
          parseValue: #function#,
          parseLiteral: #function#,
          extensions: undefined,
          astNode: undefined,
          extensionASTNodes: undefined
        },
        defaultValue: undefined,
        extensions: undefined,
        astNode: undefined
      },
      Object{
        name: \\"order\\",
        description: null,
        type: GraphQLScalarType{
          name: \\"String\\",
          description: \\"The \`String\` scalar type represents textual data, represented as UTF-8 character sequences. The String type is most often used by GraphQL to represent free-form human-readable text.\\",
          serialize: #function#,
          parseValue: #function#,
          parseLiteral: #function#,
          extensions: undefined,
          astNode: undefined,
          extensionASTNodes: undefined
        },
        defaultValue: undefined,
        extensions: undefined,
        astNode: undefined
      },
      Object{
        name: \\"offset\\",
        description: null,
        type: GraphQLScalarType{
          name: \\"Int\\",
          description: \\"The \`Int\` scalar type represents non-fractional signed whole numeric values. Int can represent values between -(2^31) and 2^31 - 1.\\",
          serialize: #function#,
          parseValue: #function#,
          parseLiteral: #function#,
          extensions: undefined,
          astNode: undefined,
          extensionASTNodes: undefined
        },
        defaultValue: undefined,
        extensions: undefined,
        astNode: undefined
      }
    ],
    resolve: #function#,
    name: \\"Torrent\\",
    description: undefined,
    subscribe: undefined,
    isDeprecated: false,
    deprecationReason: undefined,
    extensions: undefined,
    astNode: undefined
  },
  User: Object{
    type: GraphQLList{
      ofType: GraphQLObjectType{
        name: \\"User\\",
        description: undefined,
        isTypeOf: undefined,
        extensions: undefined,
        astNode: undefined,
        extensionASTNodes: undefined,
        _fields: #function#,
        _interfaces: #function#
      }
    },
    args: [
      Object{
        name: \\"id\\",
        description: null,
        type: GraphQLScalarType{
          name: \\"Int\\",
          description: \\"The \`Int\` scalar type represents non-fractional signed whole numeric values. Int can represent values between -(2^31) and 2^31 - 1.\\",
          serialize: #function#,
          parseValue: #function#,
          parseLiteral: #function#,
          extensions: undefined,
          astNode: undefined,
          extensionASTNodes: undefined
        },
        defaultValue: undefined,
        extensions: undefined,
        astNode: undefined
      },
      Object{
        name: \\"where\\",
        description: \\"A JSON object conforming the the shape specified in http://docs.sequelizejs.com/en/latest/docs/querying/\\",
        type: GraphQLScalarType{
          name: \\"SequelizeJSON\\",
          description: \\"The \`JSON\` scalar type represents raw JSON as values.\\",
          serialize: #function#,
          parseValue: #function#,
          parseLiteral: #function#,
          extensions: undefined,
          astNode: undefined,
          extensionASTNodes: undefined
        },
        defaultValue: undefined,
        extensions: undefined,
        astNode: undefined
      },
      Object{
        name: \\"limit\\",
        description: null,
        type: GraphQLScalarType{
          name: \\"Int\\",
          description: \\"The \`Int\` scalar type represents non-fractional signed whole numeric values. Int can represent values between -(2^31) and 2^31 - 1.\\",
          serialize: #function#,
          parseValue: #function#,
          parseLiteral: #function#,
          extensions: undefined,
          astNode: undefined,
          extensionASTNodes: undefined
        },
        defaultValue: undefined,
        extensions: undefined,
        astNode: undefined
      },
      Object{
        name: \\"order\\",
        description: null,
        type: GraphQLScalarType{
          name: \\"String\\",
          description: \\"The \`String\` scalar type represents textual data, represented as UTF-8 character sequences. The String type is most often used by GraphQL to represent free-form human-readable text.\\",
          serialize: #function#,
          parseValue: #function#,
          parseLiteral: #function#,
          extensions: undefined,
          astNode: undefined,
          extensionASTNodes: undefined
        },
        defaultValue: undefined,
        extensions: undefined,
        astNode: undefined
      },
      Object{
        name: \\"offset\\",
        description: null,
        type: GraphQLScalarType{
          name: \\"Int\\",
          description: \\"The \`Int\` scalar type represents non-fractional signed whole numeric values. Int can represent values between -(2^31) and 2^31 - 1.\\",
          serialize: #function#,
          parseValue: #function#,
          parseLiteral: #function#,
          extensions: undefined,
          astNode: undefined,
          extensionASTNodes: undefined
        },
        defaultValue: undefined,
        extensions: undefined,
        astNode: undefined
      }
    ],
    resolve: #function#,
    name: \\"User\\",
    description: undefined,
    subscribe: undefined,
    isDeprecated: false,
    deprecationReason: undefined,
    extensions: undefined,
    astNode: undefined
  }
}"
`;

exports[`outputs the correct schema (build version) 2`] = `
"Object{
  DepartmentCreate: Object{
    type: GraphQLObjectType{
      name: \\"Department\\",
      description: undefined,
      isTypeOf: undefined,
      extensions: undefined,
      astNode: undefined,
      extensionASTNodes: undefined,
      _fields: #function#,
      _interfaces: #function#
    },
    description: \\"Create a Department\\",
    args: [
      Object{
        name: \\"Department\\",
        description: null,
        type: GraphQLInputObjectType{
          name: \\"DepartmentInput\\",
          description: undefined,
          extensions: undefined,
          astNode: undefined,
          extensionASTNodes: undefined,
          _fields: #function#
        },
        defaultValue: undefined,
        extensions: undefined,
        astNode: undefined
      }
    ],
    resolve: #function#,
    name: \\"DepartmentCreate\\",
    subscribe: undefined,
    isDeprecated: false,
    deprecationReason: undefined,
    extensions: undefined,
    astNode: undefined
  },
  DepartmentListCreate: Object{
    type: GraphQLList{
      ofType: GraphQLObjectType{
        name: \\"Department\\",
        description: undefined,
        isTypeOf: undefined,
        extensions: undefined,
        astNode: undefined,
        extensionASTNodes: undefined,
        _fields: #function#,
        _interfaces: #function#
      }
    },
    description: \\"Create a list of Department\\",
    args: [
      Object{
        name: \\"Department\\",
        description: null,
        type: GraphQLList{
          ofType: GraphQLInputObjectType{
            name: \\"DepartmentInput\\",
            description: undefined,
            extensions: undefined,
            astNode: undefined,
            extensionASTNodes: undefined,
            _fields: #function#
          }
        },
        defaultValue: undefined,
        extensions: undefined,
        astNode: undefined
      }
    ],
    resolve: #function#,
    name: \\"DepartmentListCreate\\",
    subscribe: undefined,
    isDeprecated: false,
    deprecationReason: undefined,
    extensions: undefined,
    astNode: undefined
  },
  DepartmentUpdate: Object{
    type: GraphQLObjectType{
      name: \\"Department\\",
      description: undefined,
      isTypeOf: undefined,
      extensions: undefined,
      astNode: undefined,
      extensionASTNodes: undefined,
      _fields: #function#,
      _interfaces: #function#
    },
    description: \\"Update a Department\\",
    args: [
      Object{
        name: \\"Department\\",
        description: null,
        type: GraphQLInputObjectType{
          name: \\"DepartmentInput\\",
          description: undefined,
          extensions: undefined,
          astNode: undefined,
          extensionASTNodes: undefined,
          _fields: #function#
        },
        defaultValue: undefined,
        extensions: undefined,
        astNode: undefined
      },
      Object{
        name: \\"where\\",
        description: null,
        type: GraphQLScalarType{
          name: \\"SequelizeJSON\\",
          description: \\"The \`JSON\` scalar type represents raw JSON as values.\\",
          serialize: #function#,
          parseValue: #function#,
          parseLiteral: #function#,
          extensions: undefined,
          astNode: undefined,
          extensionASTNodes: undefined
        },
        defaultValue: undefined,
        extensions: undefined,
        astNode: undefined
      }
    ],
    resolve: #function#,
    name: \\"DepartmentUpdate\\",
    subscribe: undefined,
    isDeprecated: false,
    deprecationReason: undefined,
    extensions: undefined,
    astNode: undefined
  },
  DepartmentDelete: Object{
    type: GraphQLScalarType{
      name: \\"Int\\",
      description: \\"The \`Int\` scalar type represents non-fractional signed whole numeric values. Int can represent values between -(2^31) and 2^31 - 1.\\",
      serialize: #function#,
      parseValue: #function#,
      parseLiteral: #function#,
      extensions: undefined,
      astNode: undefined,
      extensionASTNodes: undefined
    },
    description: \\"Delete a Department\\",
    args: [
      Object{
        name: \\"id\\",
        description: null,
        type: GraphQLScalarType{
          name: \\"Int\\",
          description: \\"The \`Int\` scalar type represents non-fractional signed whole numeric values. Int can represent values between -(2^31) and 2^31 - 1.\\",
          serialize: #function#,
          parseValue: #function#,
          parseLiteral: #function#,
          extensions: undefined,
          astNode: undefined,
          extensionASTNodes: undefined
        },
        defaultValue: undefined,
        extensions: undefined,
        astNode: undefined
      },
      Object{
        name: \\"where\\",
        description: null,
        type: GraphQLScalarType{
          name: \\"SequelizeJSON\\",
          description: \\"The \`JSON\` scalar type represents raw JSON as values.\\",
          serialize: #function#,
          parseValue: #function#,
          parseLiteral: #function#,
          extensions: undefined,
          astNode: undefined,
          extensionASTNodes: undefined
        },
        defaultValue: undefined,
        extensions: undefined,
        astNode: undefined
      }
    ],
    resolve: #function#,
    name: \\"DepartmentDelete\\",
    subscribe: undefined,
    isDeprecated: false,
    deprecationReason: undefined,
    extensions: undefined,
    astNode: undefined
  },
  GroupCreate: Object{
    type: GraphQLObjectType{
      name: \\"Group\\",
      description: undefined,
      isTypeOf: undefined,
      extensions: undefined,
      astNode: undefined,
      extensionASTNodes: undefined,
      _fields: #function#,
      _interfaces: #function#
    },
    description: \\"Create a Group\\",
    args: [
      Object{
        name: \\"Group\\",
        description: null,
        type: GraphQLInputObjectType{
          name: \\"GroupInput\\",
          description: undefined,
          extensions: undefined,
          astNode: undefined,
          extensionASTNodes: undefined,
          _fields: #function#
        },
        defaultValue: undefined,
        extensions: undefined,
        astNode: undefined
      }
    ],
    resolve: #function#,
    name: \\"GroupCreate\\",
    subscribe: undefined,
    isDeprecated: false,
    deprecationReason: undefined,
    extensions: undefined,
    astNode: undefined
  },
  GroupListCreate: Object{
    type: GraphQLList{
      ofType: GraphQLObjectType{
        name: \\"Group\\",
        description: undefined,
        isTypeOf: undefined,
        extensions: undefined,
        astNode: undefined,
        extensionASTNodes: undefined,
        _fields: #function#,
        _interfaces: #function#
      }
    },
    description: \\"Create a list of Group\\",
    args: [
      Object{
        name: \\"Group\\",
        description: null,
        type: GraphQLList{
          ofType: GraphQLInputObjectType{
            name: \\"GroupInput\\",
            description: undefined,
            extensions: undefined,
            astNode: undefined,
            extensionASTNodes: undefined,
            _fields: #function#
          }
        },
        defaultValue: undefined,
        extensions: undefined,
        astNode: undefined
      }
    ],
    resolve: #function#,
    name: \\"GroupListCreate\\",
    subscribe: undefined,
    isDeprecated: false,
    deprecationReason: undefined,
    extensions: undefined,
    astNode: undefined
  },
  GroupUpdate: Object{
    type: GraphQLObjectType{
      name: \\"Group\\",
      description: undefined,
      isTypeOf: undefined,
      extensions: undefined,
      astNode: undefined,
      extensionASTNodes: undefined,
      _fields: #function#,
      _interfaces: #function#
    },
    description: \\"Update a Group\\",
    args: [
      Object{
        name: \\"Group\\",
        description: null,
        type: GraphQLInputObjectType{
          name: \\"GroupInput\\",
          description: undefined,
          extensions: undefined,
          astNode: undefined,
          extensionASTNodes: undefined,
          _fields: #function#
        },
        defaultValue: undefined,
        extensions: undefined,
        astNode: undefined
      },
      Object{
        name: \\"where\\",
        description: null,
        type: GraphQLScalarType{
          name: \\"SequelizeJSON\\",
          description: \\"The \`JSON\` scalar type represents raw JSON as values.\\",
          serialize: #function#,
          parseValue: #function#,
          parseLiteral: #function#,
          extensions: undefined,
          astNode: undefined,
          extensionASTNodes: undefined
        },
        defaultValue: undefined,
        extensions: undefined,
        astNode: undefined
      }
    ],
    resolve: #function#,
    name: \\"GroupUpdate\\",
    subscribe: undefined,
    isDeprecated: false,
    deprecationReason: undefined,
    extensions: undefined,
    astNode: undefined
  },
  GroupDelete: Object{
    type: GraphQLScalarType{
      name: \\"Int\\",
      description: \\"The \`Int\` scalar type represents non-fractional signed whole numeric values. Int can represent values between -(2^31) and 2^31 - 1.\\",
      serialize: #function#,
      parseValue: #function#,
      parseLiteral: #function#,
      extensions: undefined,
      astNode: undefined,
      extensionASTNodes: undefined
    },
    description: \\"Delete a Group\\",
    args: [
      Object{
        name: \\"id\\",
        description: null,
        type: GraphQLScalarType{
          name: \\"Int\\",
          description: \\"The \`Int\` scalar type represents non-fractional signed whole numeric values. Int can represent values between -(2^31) and 2^31 - 1.\\",
          serialize: #function#,
          parseValue: #function#,
          parseLiteral: #function#,
          extensions: undefined,
          astNode: undefined,
          extensionASTNodes: undefined
        },
        defaultValue: undefined,
        extensions: undefined,
        astNode: undefined
      },
      Object{
        name: \\"where\\",
        description: null,
        type: GraphQLScalarType{
          name: \\"SequelizeJSON\\",
          description: \\"The \`JSON\` scalar type represents raw JSON as values.\\",
          serialize: #function#,
          parseValue: #function#,
          parseLiteral: #function#,
          extensions: undefined,
          astNode: undefined,
          extensionASTNodes: undefined
        },
        defaultValue: undefined,
        extensions: undefined,
        astNode: undefined
      }
    ],
    resolve: #function#,
    name: \\"GroupDelete\\",
    subscribe: undefined,
    isDeprecated: false,
    deprecationReason: undefined,
    extensions: undefined,
    astNode: undefined
  },
  TorrentCreate: Object{
    type: GraphQLObjectType{
      name: \\"Torrent\\",
      description: undefined,
      isTypeOf: undefined,
      extensions: undefined,
      astNode: undefined,
      extensionASTNodes: undefined,
      _fields: #function#,
      _interfaces: #function#
    },
    description: \\"Create a Torrent\\",
    args: [
      Object{
        name: \\"Torrent\\",
        description: null,
        type: GraphQLInputObjectType{
          name: \\"TorrentInput\\",
          description: undefined,
          extensions: undefined,
          astNode: undefined,
          extensionASTNodes: undefined,
          _fields: #function#
        },
        defaultValue: undefined,
        extensions: undefined,
        astNode: undefined
      }
    ],
    resolve: #function#,
    name: \\"TorrentCreate\\",
    subscribe: undefined,
    isDeprecated: false,
    deprecationReason: undefined,
    extensions: undefined,
    astNode: undefined
  },
  TorrentListCreate: Object{
    type: GraphQLList{
      ofType: GraphQLObjectType{
        name: \\"Torrent\\",
        description: undefined,
        isTypeOf: undefined,
        extensions: undefined,
        astNode: undefined,
        extensionASTNodes: undefined,
        _fields: #function#,
        _interfaces: #function#
      }
    },
    description: \\"Create a list of Torrent\\",
    args: [
      Object{
        name: \\"Torrent\\",
        description: null,
        type: GraphQLList{
          ofType: GraphQLInputObjectType{
            name: \\"TorrentInput\\",
            description: undefined,
            extensions: undefined,
            astNode: undefined,
            extensionASTNodes: undefined,
            _fields: #function#
          }
        },
        defaultValue: undefined,
        extensions: undefined,
        astNode: undefined
      }
    ],
    resolve: #function#,
    name: \\"TorrentListCreate\\",
    subscribe: undefined,
    isDeprecated: false,
    deprecationReason: undefined,
    extensions: undefined,
    astNode: undefined
  },
  TorrentUpdate: Object{
    type: GraphQLObjectType{
      name: \\"Torrent\\",
      description: undefined,
      isTypeOf: undefined,
      extensions: undefined,
      astNode: undefined,
      extensionASTNodes: undefined,
      _fields: #function#,
      _interfaces: #function#
    },
    description: \\"Update a Torrent\\",
    args: [
      Object{
        name: \\"Torrent\\",
        description: null,
        type: GraphQLInputObjectType{
          name: \\"TorrentInput\\",
          description: undefined,
          extensions: undefined,
          astNode: undefined,
          extensionASTNodes: undefined,
          _fields: #function#
        },
        defaultValue: undefined,
        extensions: undefined,
        astNode: undefined
      },
      Object{
        name: \\"where\\",
        description: null,
        type: GraphQLScalarType{
          name: \\"SequelizeJSON\\",
          description: \\"The \`JSON\` scalar type represents raw JSON as values.\\",
          serialize: #function#,
          parseValue: #function#,
          parseLiteral: #function#,
          extensions: undefined,
          astNode: undefined,
          extensionASTNodes: undefined
        },
        defaultValue: undefined,
        extensions: undefined,
        astNode: undefined
      }
    ],
    resolve: #function#,
    name: \\"TorrentUpdate\\",
    subscribe: undefined,
    isDeprecated: false,
    deprecationReason: undefined,
    extensions: undefined,
    astNode: undefined
  },
  TorrentDelete: Object{
    type: GraphQLScalarType{
      name: \\"Int\\",
      description: \\"The \`Int\` scalar type represents non-fractional signed whole numeric values. Int can represent values between -(2^31) and 2^31 - 1.\\",
      serialize: #function#,
      parseValue: #function#,
      parseLiteral: #function#,
      extensions: undefined,
      astNode: undefined,
      extensionASTNodes: undefined
    },
    description: \\"Delete a Torrent\\",
    args: [
      Object{
        name: \\"id\\",
        description: null,
        type: GraphQLScalarType{
          name: \\"Int\\",
          description: \\"The \`Int\` scalar type represents non-fractional signed whole numeric values. Int can represent values between -(2^31) and 2^31 - 1.\\",
          serialize: #function#,
          parseValue: #function#,
          parseLiteral: #function#,
          extensions: undefined,
          astNode: undefined,
          extensionASTNodes: undefined
        },
        defaultValue: undefined,
        extensions: undefined,
        astNode: undefined
      },
      Object{
        name: \\"where\\",
        description: null,
        type: GraphQLScalarType{
          name: \\"SequelizeJSON\\",
          description: \\"The \`JSON\` scalar type represents raw JSON as values.\\",
          serialize: #function#,
          parseValue: #function#,
          parseLiteral: #function#,
          extensions: undefined,
          astNode: undefined,
          extensionASTNodes: undefined
        },
        defaultValue: undefined,
        extensions: undefined,
        astNode: undefined
      }
    ],
    resolve: #function#,
    name: \\"TorrentDelete\\",
    subscribe: undefined,
    isDeprecated: false,
    deprecationReason: undefined,
    extensions: undefined,
    astNode: undefined
  },
  UserCreate: Object{
    type: GraphQLObjectType{
      name: \\"User\\",
      description: undefined,
      isTypeOf: undefined,
      extensions: undefined,
      astNode: undefined,
      extensionASTNodes: undefined,
      _fields: #function#,
      _interfaces: #function#
    },
    description: \\"Create a User\\",
    args: [
      Object{
        name: \\"User\\",
        description: null,
        type: GraphQLInputObjectType{
          name: \\"UserInput\\",
          description: undefined,
          extensions: undefined,
          astNode: undefined,
          extensionASTNodes: undefined,
          _fields: #function#
        },
        defaultValue: undefined,
        extensions: undefined,
        astNode: undefined
      }
    ],
    resolve: #function#,
    name: \\"UserCreate\\",
    subscribe: undefined,
    isDeprecated: false,
    deprecationReason: undefined,
    extensions: undefined,
    astNode: undefined
  },
  UserListCreate: Object{
    type: GraphQLList{
      ofType: GraphQLObjectType{
        name: \\"User\\",
        description: undefined,
        isTypeOf: undefined,
        extensions: undefined,
        astNode: undefined,
        extensionASTNodes: undefined,
        _fields: #function#,
        _interfaces: #function#
      }
    },
    description: \\"Create a list of User\\",
    args: [
      Object{
        name: \\"User\\",
        description: null,
        type: GraphQLList{
          ofType: GraphQLInputObjectType{
            name: \\"UserInput\\",
            description: undefined,
            extensions: undefined,
            astNode: undefined,
            extensionASTNodes: undefined,
            _fields: #function#
          }
        },
        defaultValue: undefined,
        extensions: undefined,
        astNode: undefined
      }
    ],
    resolve: #function#,
    name: \\"UserListCreate\\",
    subscribe: undefined,
    isDeprecated: false,
    deprecationReason: undefined,
    extensions: undefined,
    astNode: undefined
  },
  UserUpdate: Object{
    type: GraphQLObjectType{
      name: \\"User\\",
      description: undefined,
      isTypeOf: undefined,
      extensions: undefined,
      astNode: undefined,
      extensionASTNodes: undefined,
      _fields: #function#,
      _interfaces: #function#
    },
    description: \\"Update a User\\",
    args: [
      Object{
        name: \\"User\\",
        description: null,
        type: GraphQLInputObjectType{
          name: \\"UserInput\\",
          description: undefined,
          extensions: undefined,
          astNode: undefined,
          extensionASTNodes: undefined,
          _fields: #function#
        },
        defaultValue: undefined,
        extensions: undefined,
        astNode: undefined
      },
      Object{
        name: \\"where\\",
        description: null,
        type: GraphQLScalarType{
          name: \\"SequelizeJSON\\",
          description: \\"The \`JSON\` scalar type represents raw JSON as values.\\",
          serialize: #function#,
          parseValue: #function#,
          parseLiteral: #function#,
          extensions: undefined,
          astNode: undefined,
          extensionASTNodes: undefined
        },
        defaultValue: undefined,
        extensions: undefined,
        astNode: undefined
      }
    ],
    resolve: #function#,
    name: \\"UserUpdate\\",
    subscribe: undefined,
    isDeprecated: false,
    deprecationReason: undefined,
    extensions: undefined,
    astNode: undefined
  },
  UserDelete: Object{
    type: GraphQLScalarType{
      name: \\"Int\\",
      description: \\"The \`Int\` scalar type represents non-fractional signed whole numeric values. Int can represent values between -(2^31) and 2^31 - 1.\\",
      serialize: #function#,
      parseValue: #function#,
      parseLiteral: #function#,
      extensions: undefined,
      astNode: undefined,
      extensionASTNodes: undefined
    },
    description: \\"Delete a User\\",
    args: [
      Object{
        name: \\"id\\",
        description: null,
        type: GraphQLScalarType{
          name: \\"Int\\",
          description: \\"The \`Int\` scalar type represents non-fractional signed whole numeric values. Int can represent values between -(2^31) and 2^31 - 1.\\",
          serialize: #function#,
          parseValue: #function#,
          parseLiteral: #function#,
          extensions: undefined,
          astNode: undefined,
          extensionASTNodes: undefined
        },
        defaultValue: undefined,
        extensions: undefined,
        astNode: undefined
      },
      Object{
        name: \\"where\\",
        description: null,
        type: GraphQLScalarType{
          name: \\"SequelizeJSON\\",
          description: \\"The \`JSON\` scalar type represents raw JSON as values.\\",
          serialize: #function#,
          parseValue: #function#,
          parseLiteral: #function#,
          extensions: undefined,
          astNode: undefined,
          extensionASTNodes: undefined
        },
        defaultValue: undefined,
        extensions: undefined,
        astNode: undefined
      }
    ],
    resolve: #function#,
    name: \\"UserDelete\\",
    subscribe: undefined,
    isDeprecated: false,
    deprecationReason: undefined,
    extensions: undefined,
    astNode: undefined
  }
}"
`;

exports[`outputs the correct schema 1`] = `
"Object{
  Department: Object{
    type: GraphQLList{
      ofType: GraphQLObjectType{
        name: \\"Department\\",
        description: undefined,
        isTypeOf: undefined,
        extensions: undefined,
        astNode: undefined,
        extensionASTNodes: undefined,
        _fields: #function#,
        _interfaces: #function#
      }
    },
    args: [
      Object{
        name: \\"id\\",
        description: null,
        type: GraphQLScalarType{
          name: \\"Int\\",
          description: \\"The \`Int\` scalar type represents non-fractional signed whole numeric values. Int can represent values between -(2^31) and 2^31 - 1.\\",
          serialize: #function#,
          parseValue: #function#,
          parseLiteral: #function#,
          extensions: undefined,
          astNode: undefined,
          extensionASTNodes: undefined
        },
        defaultValue: undefined,
        extensions: undefined,
        astNode: undefined
      },
      Object{
        name: \\"where\\",
        description: \\"A JSON object conforming the the shape specified in http://docs.sequelizejs.com/en/latest/docs/querying/\\",
        type: GraphQLScalarType{
          name: \\"SequelizeJSON\\",
          description: \\"The \`JSON\` scalar type represents raw JSON as values.\\",
          serialize: #function#,
          parseValue: #function#,
          parseLiteral: #function#,
          extensions: undefined,
          astNode: undefined,
          extensionASTNodes: undefined
        },
        defaultValue: undefined,
        extensions: undefined,
        astNode: undefined
      },
      Object{
        name: \\"limit\\",
        description: null,
        type: GraphQLScalarType{
          name: \\"Int\\",
          description: \\"The \`Int\` scalar type represents non-fractional signed whole numeric values. Int can represent values between -(2^31) and 2^31 - 1.\\",
          serialize: #function#,
          parseValue: #function#,
          parseLiteral: #function#,
          extensions: undefined,
          astNode: undefined,
          extensionASTNodes: undefined
        },
        defaultValue: undefined,
        extensions: undefined,
        astNode: undefined
      },
      Object{
        name: \\"order\\",
        description: null,
        type: GraphQLScalarType{
          name: \\"String\\",
          description: \\"The \`String\` scalar type represents textual data, represented as UTF-8 character sequences. The String type is most often used by GraphQL to represent free-form human-readable text.\\",
          serialize: #function#,
          parseValue: #function#,
          parseLiteral: #function#,
          extensions: undefined,
          astNode: undefined,
          extensionASTNodes: undefined
        },
        defaultValue: undefined,
        extensions: undefined,
        astNode: undefined
      },
      Object{
        name: \\"offset\\",
        description: null,
        type: GraphQLScalarType{
          name: \\"Int\\",
          description: \\"The \`Int\` scalar type represents non-fractional signed whole numeric values. Int can represent values between -(2^31) and 2^31 - 1.\\",
          serialize: #function#,
          parseValue: #function#,
          parseLiteral: #function#,
          extensions: undefined,
          astNode: undefined,
          extensionASTNodes: undefined
        },
        defaultValue: undefined,
        extensions: undefined,
        astNode: undefined
      }
    ],
    resolve: #function#,
    name: \\"Department\\",
    description: undefined,
    subscribe: undefined,
    isDeprecated: false,
    deprecationReason: undefined,
    extensions: undefined,
    astNode: undefined
  },
  Group: Object{
    type: GraphQLList{
      ofType: GraphQLObjectType{
        name: \\"Group\\",
        description: undefined,
        isTypeOf: undefined,
        extensions: undefined,
        astNode: undefined,
        extensionASTNodes: undefined,
        _fields: #function#,
        _interfaces: #function#
      }
    },
    args: [
      Object{
        name: \\"id\\",
        description: null,
        type: GraphQLScalarType{
          name: \\"Int\\",
          description: \\"The \`Int\` scalar type represents non-fractional signed whole numeric values. Int can represent values between -(2^31) and 2^31 - 1.\\",
          serialize: #function#,
          parseValue: #function#,
          parseLiteral: #function#,
          extensions: undefined,
          astNode: undefined,
          extensionASTNodes: undefined
        },
        defaultValue: undefined,
        extensions: undefined,
        astNode: undefined
      },
      Object{
        name: \\"where\\",
        description: \\"A JSON object conforming the the shape specified in http://docs.sequelizejs.com/en/latest/docs/querying/\\",
        type: GraphQLScalarType{
          name: \\"SequelizeJSON\\",
          description: \\"The \`JSON\` scalar type represents raw JSON as values.\\",
          serialize: #function#,
          parseValue: #function#,
          parseLiteral: #function#,
          extensions: undefined,
          astNode: undefined,
          extensionASTNodes: undefined
        },
        defaultValue: undefined,
        extensions: undefined,
        astNode: undefined
      },
      Object{
        name: \\"limit\\",
        description: null,
        type: GraphQLScalarType{
          name: \\"Int\\",
          description: \\"The \`Int\` scalar type represents non-fractional signed whole numeric values. Int can represent values between -(2^31) and 2^31 - 1.\\",
          serialize: #function#,
          parseValue: #function#,
          parseLiteral: #function#,
          extensions: undefined,
          astNode: undefined,
          extensionASTNodes: undefined
        },
        defaultValue: undefined,
        extensions: undefined,
        astNode: undefined
      },
      Object{
        name: \\"order\\",
        description: null,
        type: GraphQLScalarType{
          name: \\"String\\",
          description: \\"The \`String\` scalar type represents textual data, represented as UTF-8 character sequences. The String type is most often used by GraphQL to represent free-form human-readable text.\\",
          serialize: #function#,
          parseValue: #function#,
          parseLiteral: #function#,
          extensions: undefined,
          astNode: undefined,
          extensionASTNodes: undefined
        },
        defaultValue: undefined,
        extensions: undefined,
        astNode: undefined
      },
      Object{
        name: \\"offset\\",
        description: null,
        type: GraphQLScalarType{
          name: \\"Int\\",
          description: \\"The \`Int\` scalar type represents non-fractional signed whole numeric values. Int can represent values between -(2^31) and 2^31 - 1.\\",
          serialize: #function#,
          parseValue: #function#,
          parseLiteral: #function#,
          extensions: undefined,
          astNode: undefined,
          extensionASTNodes: undefined
        },
        defaultValue: undefined,
        extensions: undefined,
        astNode: undefined
      }
    ],
    resolve: #function#,
    name: \\"Group\\",
    description: undefined,
    subscribe: undefined,
    isDeprecated: false,
    deprecationReason: undefined,
    extensions: undefined,
    astNode: undefined
  },
  Torrent: Object{
    type: GraphQLList{
      ofType: GraphQLObjectType{
        name: \\"Torrent\\",
        description: undefined,
        isTypeOf: undefined,
        extensions: undefined,
        astNode: undefined,
        extensionASTNodes: undefined,
        _fields: #function#,
        _interfaces: #function#
      }
    },
    args: [
      Object{
        name: \\"id\\",
        description: null,
        type: GraphQLScalarType{
          name: \\"Int\\",
          description: \\"The \`Int\` scalar type represents non-fractional signed whole numeric values. Int can represent values between -(2^31) and 2^31 - 1.\\",
          serialize: #function#,
          parseValue: #function#,
          parseLiteral: #function#,
          extensions: undefined,
          astNode: undefined,
          extensionASTNodes: undefined
        },
        defaultValue: undefined,
        extensions: undefined,
        astNode: undefined
      },
      Object{
        name: \\"where\\",
        description: \\"A JSON object conforming the the shape specified in http://docs.sequelizejs.com/en/latest/docs/querying/\\",
        type: GraphQLScalarType{
          name: \\"SequelizeJSON\\",
          description: \\"The \`JSON\` scalar type represents raw JSON as values.\\",
          serialize: #function#,
          parseValue: #function#,
          parseLiteral: #function#,
          extensions: undefined,
          astNode: undefined,
          extensionASTNodes: undefined
        },
        defaultValue: undefined,
        extensions: undefined,
        astNode: undefined
      },
      Object{
        name: \\"limit\\",
        description: null,
        type: GraphQLScalarType{
          name: \\"Int\\",
          description: \\"The \`Int\` scalar type represents non-fractional signed whole numeric values. Int can represent values between -(2^31) and 2^31 - 1.\\",
          serialize: #function#,
          parseValue: #function#,
          parseLiteral: #function#,
          extensions: undefined,
          astNode: undefined,
          extensionASTNodes: undefined
        },
        defaultValue: undefined,
        extensions: undefined,
        astNode: undefined
      },
      Object{
        name: \\"order\\",
        description: null,
        type: GraphQLScalarType{
          name: \\"String\\",
          description: \\"The \`String\` scalar type represents textual data, represented as UTF-8 character sequences. The String type is most often used by GraphQL to represent free-form human-readable text.\\",
          serialize: #function#,
          parseValue: #function#,
          parseLiteral: #function#,
          extensions: undefined,
          astNode: undefined,
          extensionASTNodes: undefined
        },
        defaultValue: undefined,
        extensions: undefined,
        astNode: undefined
      },
      Object{
        name: \\"offset\\",
        description: null,
        type: GraphQLScalarType{
          name: \\"Int\\",
          description: \\"The \`Int\` scalar type represents non-fractional signed whole numeric values. Int can represent values between -(2^31) and 2^31 - 1.\\",
          serialize: #function#,
          parseValue: #function#,
          parseLiteral: #function#,
          extensions: undefined,
          astNode: undefined,
          extensionASTNodes: undefined
        },
        defaultValue: undefined,
        extensions: undefined,
        astNode: undefined
      }
    ],
    resolve: #function#,
    name: \\"Torrent\\",
    description: undefined,
    subscribe: undefined,
    isDeprecated: false,
    deprecationReason: undefined,
    extensions: undefined,
    astNode: undefined
  },
  User: Object{
    type: GraphQLList{
      ofType: GraphQLObjectType{
        name: \\"User\\",
        description: undefined,
        isTypeOf: undefined,
        extensions: undefined,
        astNode: undefined,
        extensionASTNodes: undefined,
        _fields: #function#,
        _interfaces: #function#
      }
    },
    args: [
      Object{
        name: \\"id\\",
        description: null,
        type: GraphQLScalarType{
          name: \\"Int\\",
          description: \\"The \`Int\` scalar type represents non-fractional signed whole numeric values. Int can represent values between -(2^31) and 2^31 - 1.\\",
          serialize: #function#,
          parseValue: #function#,
          parseLiteral: #function#,
          extensions: undefined,
          astNode: undefined,
          extensionASTNodes: undefined
        },
        defaultValue: undefined,
        extensions: undefined,
        astNode: undefined
      },
      Object{
        name: \\"where\\",
        description: \\"A JSON object conforming the the shape specified in http://docs.sequelizejs.com/en/latest/docs/querying/\\",
        type: GraphQLScalarType{
          name: \\"SequelizeJSON\\",
          description: \\"The \`JSON\` scalar type represents raw JSON as values.\\",
          serialize: #function#,
          parseValue: #function#,
          parseLiteral: #function#,
          extensions: undefined,
          astNode: undefined,
          extensionASTNodes: undefined
        },
        defaultValue: undefined,
        extensions: undefined,
        astNode: undefined
      },
      Object{
        name: \\"limit\\",
        description: null,
        type: GraphQLScalarType{
          name: \\"Int\\",
          description: \\"The \`Int\` scalar type represents non-fractional signed whole numeric values. Int can represent values between -(2^31) and 2^31 - 1.\\",
          serialize: #function#,
          parseValue: #function#,
          parseLiteral: #function#,
          extensions: undefined,
          astNode: undefined,
          extensionASTNodes: undefined
        },
        defaultValue: undefined,
        extensions: undefined,
        astNode: undefined
      },
      Object{
        name: \\"order\\",
        description: null,
        type: GraphQLScalarType{
          name: \\"String\\",
          description: \\"The \`String\` scalar type represents textual data, represented as UTF-8 character sequences. The String type is most often used by GraphQL to represent free-form human-readable text.\\",
          serialize: #function#,
          parseValue: #function#,
          parseLiteral: #function#,
          extensions: undefined,
          astNode: undefined,
          extensionASTNodes: undefined
        },
        defaultValue: undefined,
        extensions: undefined,
        astNode: undefined
      },
      Object{
        name: \\"offset\\",
        description: null,
        type: GraphQLScalarType{
          name: \\"Int\\",
          description: \\"The \`Int\` scalar type represents non-fractional signed whole numeric values. Int can represent values between -(2^31) and 2^31 - 1.\\",
          serialize: #function#,
          parseValue: #function#,
          parseLiteral: #function#,
          extensions: undefined,
          astNode: undefined,
          extensionASTNodes: undefined
        },
        defaultValue: undefined,
        extensions: undefined,
        astNode: undefined
      }
    ],
    resolve: #function#,
    name: \\"User\\",
    description: undefined,
    subscribe: undefined,
    isDeprecated: false,
    deprecationReason: undefined,
    extensions: undefined,
    astNode: undefined
  }
}"
`;

exports[`outputs the correct schema 2`] = `
"Object{
  DepartmentCreate: Object{
    type: GraphQLObjectType{
      name: \\"Department\\",
      description: undefined,
      isTypeOf: undefined,
      extensions: undefined,
      astNode: undefined,
      extensionASTNodes: undefined,
      _fields: #function#,
      _interfaces: #function#
    },
    description: \\"Create a Department\\",
    args: [
      Object{
        name: \\"Department\\",
        description: null,
        type: GraphQLInputObjectType{
          name: \\"DepartmentInput\\",
          description: undefined,
          extensions: undefined,
          astNode: undefined,
          extensionASTNodes: undefined,
          _fields: #function#
        },
        defaultValue: undefined,
        extensions: undefined,
        astNode: undefined
      }
    ],
    resolve: #function#,
    name: \\"DepartmentCreate\\",
    subscribe: undefined,
    isDeprecated: false,
    deprecationReason: undefined,
    extensions: undefined,
    astNode: undefined
  },
  DepartmentListCreate: Object{
    type: GraphQLList{
      ofType: GraphQLObjectType{
        name: \\"Department\\",
        description: undefined,
        isTypeOf: undefined,
        extensions: undefined,
        astNode: undefined,
        extensionASTNodes: undefined,
        _fields: #function#,
        _interfaces: #function#
      }
    },
    description: \\"Create a list of Department\\",
    args: [
      Object{
        name: \\"Department\\",
        description: null,
        type: GraphQLList{
          ofType: GraphQLInputObjectType{
            name: \\"DepartmentInput\\",
            description: undefined,
            extensions: undefined,
            astNode: undefined,
            extensionASTNodes: undefined,
            _fields: #function#
          }
        },
        defaultValue: undefined,
        extensions: undefined,
        astNode: undefined
      }
    ],
    resolve: #function#,
    name: \\"DepartmentListCreate\\",
    subscribe: undefined,
    isDeprecated: false,
    deprecationReason: undefined,
    extensions: undefined,
    astNode: undefined
  },
  DepartmentUpdate: Object{
    type: GraphQLObjectType{
      name: \\"Department\\",
      description: undefined,
      isTypeOf: undefined,
      extensions: undefined,
      astNode: undefined,
      extensionASTNodes: undefined,
      _fields: #function#,
      _interfaces: #function#
    },
    description: \\"Update a Department\\",
    args: [
      Object{
        name: \\"Department\\",
        description: null,
        type: GraphQLInputObjectType{
          name: \\"DepartmentInput\\",
          description: undefined,
          extensions: undefined,
          astNode: undefined,
          extensionASTNodes: undefined,
          _fields: #function#
        },
        defaultValue: undefined,
        extensions: undefined,
        astNode: undefined
      },
      Object{
        name: \\"where\\",
        description: null,
        type: GraphQLScalarType{
          name: \\"SequelizeJSON\\",
          description: \\"The \`JSON\` scalar type represents raw JSON as values.\\",
          serialize: #function#,
          parseValue: #function#,
          parseLiteral: #function#,
          extensions: undefined,
          astNode: undefined,
          extensionASTNodes: undefined
        },
        defaultValue: undefined,
        extensions: undefined,
        astNode: undefined
      }
    ],
    resolve: #function#,
    name: \\"DepartmentUpdate\\",
    subscribe: undefined,
    isDeprecated: false,
    deprecationReason: undefined,
    extensions: undefined,
    astNode: undefined
  },
  DepartmentDelete: Object{
    type: GraphQLScalarType{
      name: \\"Int\\",
      description: \\"The \`Int\` scalar type represents non-fractional signed whole numeric values. Int can represent values between -(2^31) and 2^31 - 1.\\",
      serialize: #function#,
      parseValue: #function#,
      parseLiteral: #function#,
      extensions: undefined,
      astNode: undefined,
      extensionASTNodes: undefined
    },
    description: \\"Delete a Department\\",
    args: [
      Object{
        name: \\"id\\",
        description: null,
        type: GraphQLScalarType{
          name: \\"Int\\",
          description: \\"The \`Int\` scalar type represents non-fractional signed whole numeric values. Int can represent values between -(2^31) and 2^31 - 1.\\",
          serialize: #function#,
          parseValue: #function#,
          parseLiteral: #function#,
          extensions: undefined,
          astNode: undefined,
          extensionASTNodes: undefined
        },
        defaultValue: undefined,
        extensions: undefined,
        astNode: undefined
      },
      Object{
        name: \\"where\\",
        description: null,
        type: GraphQLScalarType{
          name: \\"SequelizeJSON\\",
          description: \\"The \`JSON\` scalar type represents raw JSON as values.\\",
          serialize: #function#,
          parseValue: #function#,
          parseLiteral: #function#,
          extensions: undefined,
          astNode: undefined,
          extensionASTNodes: undefined
        },
        defaultValue: undefined,
        extensions: undefined,
        astNode: undefined
      }
    ],
    resolve: #function#,
    name: \\"DepartmentDelete\\",
    subscribe: undefined,
    isDeprecated: false,
    deprecationReason: undefined,
    extensions: undefined,
    astNode: undefined
  },
  GroupCreate: Object{
    type: GraphQLObjectType{
      name: \\"Group\\",
      description: undefined,
      isTypeOf: undefined,
      extensions: undefined,
      astNode: undefined,
      extensionASTNodes: undefined,
      _fields: #function#,
      _interfaces: #function#
    },
    description: \\"Create a Group\\",
    args: [
      Object{
        name: \\"Group\\",
        description: null,
        type: GraphQLInputObjectType{
          name: \\"GroupInput\\",
          description: undefined,
          extensions: undefined,
          astNode: undefined,
          extensionASTNodes: undefined,
          _fields: #function#
        },
        defaultValue: undefined,
        extensions: undefined,
        astNode: undefined
      }
    ],
    resolve: #function#,
    name: \\"GroupCreate\\",
    subscribe: undefined,
    isDeprecated: false,
    deprecationReason: undefined,
    extensions: undefined,
    astNode: undefined
  },
  GroupListCreate: Object{
    type: GraphQLList{
      ofType: GraphQLObjectType{
        name: \\"Group\\",
        description: undefined,
        isTypeOf: undefined,
        extensions: undefined,
        astNode: undefined,
        extensionASTNodes: undefined,
        _fields: #function#,
        _interfaces: #function#
      }
    },
    description: \\"Create a list of Group\\",
    args: [
      Object{
        name: \\"Group\\",
        description: null,
        type: GraphQLList{
          ofType: GraphQLInputObjectType{
            name: \\"GroupInput\\",
            description: undefined,
            extensions: undefined,
            astNode: undefined,
            extensionASTNodes: undefined,
            _fields: #function#
          }
        },
        defaultValue: undefined,
        extensions: undefined,
        astNode: undefined
      }
    ],
    resolve: #function#,
    name: \\"GroupListCreate\\",
    subscribe: undefined,
    isDeprecated: false,
    deprecationReason: undefined,
    extensions: undefined,
    astNode: undefined
  },
  GroupUpdate: Object{
    type: GraphQLObjectType{
      name: \\"Group\\",
      description: undefined,
      isTypeOf: undefined,
      extensions: undefined,
      astNode: undefined,
      extensionASTNodes: undefined,
      _fields: #function#,
      _interfaces: #function#
    },
    description: \\"Update a Group\\",
    args: [
      Object{
        name: \\"Group\\",
        description: null,
        type: GraphQLInputObjectType{
          name: \\"GroupInput\\",
          description: undefined,
          extensions: undefined,
          astNode: undefined,
          extensionASTNodes: undefined,
          _fields: #function#
        },
        defaultValue: undefined,
        extensions: undefined,
        astNode: undefined
      },
      Object{
        name: \\"where\\",
        description: null,
        type: GraphQLScalarType{
          name: \\"SequelizeJSON\\",
          description: \\"The \`JSON\` scalar type represents raw JSON as values.\\",
          serialize: #function#,
          parseValue: #function#,
          parseLiteral: #function#,
          extensions: undefined,
          astNode: undefined,
          extensionASTNodes: undefined
        },
        defaultValue: undefined,
        extensions: undefined,
        astNode: undefined
      }
    ],
    resolve: #function#,
    name: \\"GroupUpdate\\",
    subscribe: undefined,
    isDeprecated: false,
    deprecationReason: undefined,
    extensions: undefined,
    astNode: undefined
  },
  GroupDelete: Object{
    type: GraphQLScalarType{
      name: \\"Int\\",
      description: \\"The \`Int\` scalar type represents non-fractional signed whole numeric values. Int can represent values between -(2^31) and 2^31 - 1.\\",
      serialize: #function#,
      parseValue: #function#,
      parseLiteral: #function#,
      extensions: undefined,
      astNode: undefined,
      extensionASTNodes: undefined
    },
    description: \\"Delete a Group\\",
    args: [
      Object{
        name: \\"id\\",
        description: null,
        type: GraphQLScalarType{
          name: \\"Int\\",
          description: \\"The \`Int\` scalar type represents non-fractional signed whole numeric values. Int can represent values between -(2^31) and 2^31 - 1.\\",
          serialize: #function#,
          parseValue: #function#,
          parseLiteral: #function#,
          extensions: undefined,
          astNode: undefined,
          extensionASTNodes: undefined
        },
        defaultValue: undefined,
        extensions: undefined,
        astNode: undefined
      },
      Object{
        name: \\"where\\",
        description: null,
        type: GraphQLScalarType{
          name: \\"SequelizeJSON\\",
          description: \\"The \`JSON\` scalar type represents raw JSON as values.\\",
          serialize: #function#,
          parseValue: #function#,
          parseLiteral: #function#,
          extensions: undefined,
          astNode: undefined,
          extensionASTNodes: undefined
        },
        defaultValue: undefined,
        extensions: undefined,
        astNode: undefined
      }
    ],
    resolve: #function#,
    name: \\"GroupDelete\\",
    subscribe: undefined,
    isDeprecated: false,
    deprecationReason: undefined,
    extensions: undefined,
    astNode: undefined
  },
  TorrentCreate: Object{
    type: GraphQLObjectType{
      name: \\"Torrent\\",
      description: undefined,
      isTypeOf: undefined,
      extensions: undefined,
      astNode: undefined,
      extensionASTNodes: undefined,
      _fields: #function#,
      _interfaces: #function#
    },
    description: \\"Create a Torrent\\",
    args: [
      Object{
        name: \\"Torrent\\",
        description: null,
        type: GraphQLInputObjectType{
          name: \\"TorrentInput\\",
          description: undefined,
          extensions: undefined,
          astNode: undefined,
          extensionASTNodes: undefined,
          _fields: #function#
        },
        defaultValue: undefined,
        extensions: undefined,
        astNode: undefined
      }
    ],
    resolve: #function#,
    name: \\"TorrentCreate\\",
    subscribe: undefined,
    isDeprecated: false,
    deprecationReason: undefined,
    extensions: undefined,
    astNode: undefined
  },
  TorrentListCreate: Object{
    type: GraphQLList{
      ofType: GraphQLObjectType{
        name: \\"Torrent\\",
        description: undefined,
        isTypeOf: undefined,
        extensions: undefined,
        astNode: undefined,
        extensionASTNodes: undefined,
        _fields: #function#,
        _interfaces: #function#
      }
    },
    description: \\"Create a list of Torrent\\",
    args: [
      Object{
        name: \\"Torrent\\",
        description: null,
        type: GraphQLList{
          ofType: GraphQLInputObjectType{
            name: \\"TorrentInput\\",
            description: undefined,
            extensions: undefined,
            astNode: undefined,
            extensionASTNodes: undefined,
            _fields: #function#
          }
        },
        defaultValue: undefined,
        extensions: undefined,
        astNode: undefined
      }
    ],
    resolve: #function#,
    name: \\"TorrentListCreate\\",
    subscribe: undefined,
    isDeprecated: false,
    deprecationReason: undefined,
    extensions: undefined,
    astNode: undefined
  },
  TorrentUpdate: Object{
    type: GraphQLObjectType{
      name: \\"Torrent\\",
      description: undefined,
      isTypeOf: undefined,
      extensions: undefined,
      astNode: undefined,
      extensionASTNodes: undefined,
      _fields: #function#,
      _interfaces: #function#
    },
    description: \\"Update a Torrent\\",
    args: [
      Object{
        name: \\"Torrent\\",
        description: null,
        type: GraphQLInputObjectType{
          name: \\"TorrentInput\\",
          description: undefined,
          extensions: undefined,
          astNode: undefined,
          extensionASTNodes: undefined,
          _fields: #function#
        },
        defaultValue: undefined,
        extensions: undefined,
        astNode: undefined
      },
      Object{
        name: \\"where\\",
        description: null,
        type: GraphQLScalarType{
          name: \\"SequelizeJSON\\",
          description: \\"The \`JSON\` scalar type represents raw JSON as values.\\",
          serialize: #function#,
          parseValue: #function#,
          parseLiteral: #function#,
          extensions: undefined,
          astNode: undefined,
          extensionASTNodes: undefined
        },
        defaultValue: undefined,
        extensions: undefined,
        astNode: undefined
      }
    ],
    resolve: #function#,
    name: \\"TorrentUpdate\\",
    subscribe: undefined,
    isDeprecated: false,
    deprecationReason: undefined,
    extensions: undefined,
    astNode: undefined
  },
  TorrentDelete: Object{
    type: GraphQLScalarType{
      name: \\"Int\\",
      description: \\"The \`Int\` scalar type represents non-fractional signed whole numeric values. Int can represent values between -(2^31) and 2^31 - 1.\\",
      serialize: #function#,
      parseValue: #function#,
      parseLiteral: #function#,
      extensions: undefined,
      astNode: undefined,
      extensionASTNodes: undefined
    },
    description: \\"Delete a Torrent\\",
    args: [
      Object{
        name: \\"id\\",
        description: null,
        type: GraphQLScalarType{
          name: \\"Int\\",
          description: \\"The \`Int\` scalar type represents non-fractional signed whole numeric values. Int can represent values between -(2^31) and 2^31 - 1.\\",
          serialize: #function#,
          parseValue: #function#,
          parseLiteral: #function#,
          extensions: undefined,
          astNode: undefined,
          extensionASTNodes: undefined
        },
        defaultValue: undefined,
        extensions: undefined,
        astNode: undefined
      },
      Object{
        name: \\"where\\",
        description: null,
        type: GraphQLScalarType{
          name: \\"SequelizeJSON\\",
          description: \\"The \`JSON\` scalar type represents raw JSON as values.\\",
          serialize: #function#,
          parseValue: #function#,
          parseLiteral: #function#,
          extensions: undefined,
          astNode: undefined,
          extensionASTNodes: undefined
        },
        defaultValue: undefined,
        extensions: undefined,
        astNode: undefined
      }
    ],
    resolve: #function#,
    name: \\"TorrentDelete\\",
    subscribe: undefined,
    isDeprecated: false,
    deprecationReason: undefined,
    extensions: undefined,
    astNode: undefined
  },
  UserCreate: Object{
    type: GraphQLObjectType{
      name: \\"User\\",
      description: undefined,
      isTypeOf: undefined,
      extensions: undefined,
      astNode: undefined,
      extensionASTNodes: undefined,
      _fields: #function#,
      _interfaces: #function#
    },
    description: \\"Create a User\\",
    args: [
      Object{
        name: \\"User\\",
        description: null,
        type: GraphQLInputObjectType{
          name: \\"UserInput\\",
          description: undefined,
          extensions: undefined,
          astNode: undefined,
          extensionASTNodes: undefined,
          _fields: #function#
        },
        defaultValue: undefined,
        extensions: undefined,
        astNode: undefined
      }
    ],
    resolve: #function#,
    name: \\"UserCreate\\",
    subscribe: undefined,
    isDeprecated: false,
    deprecationReason: undefined,
    extensions: undefined,
    astNode: undefined
  },
  UserListCreate: Object{
    type: GraphQLList{
      ofType: GraphQLObjectType{
        name: \\"User\\",
        description: undefined,
        isTypeOf: undefined,
        extensions: undefined,
        astNode: undefined,
        extensionASTNodes: undefined,
        _fields: #function#,
        _interfaces: #function#
      }
    },
    description: \\"Create a list of User\\",
    args: [
      Object{
        name: \\"User\\",
        description: null,
        type: GraphQLList{
          ofType: GraphQLInputObjectType{
            name: \\"UserInput\\",
            description: undefined,
            extensions: undefined,
            astNode: undefined,
            extensionASTNodes: undefined,
            _fields: #function#
          }
        },
        defaultValue: undefined,
        extensions: undefined,
        astNode: undefined
      }
    ],
    resolve: #function#,
    name: \\"UserListCreate\\",
    subscribe: undefined,
    isDeprecated: false,
    deprecationReason: undefined,
    extensions: undefined,
    astNode: undefined
  },
  UserUpdate: Object{
    type: GraphQLObjectType{
      name: \\"User\\",
      description: undefined,
      isTypeOf: undefined,
      extensions: undefined,
      astNode: undefined,
      extensionASTNodes: undefined,
      _fields: #function#,
      _interfaces: #function#
    },
    description: \\"Update a User\\",
    args: [
      Object{
        name: \\"User\\",
        description: null,
        type: GraphQLInputObjectType{
          name: \\"UserInput\\",
          description: undefined,
          extensions: undefined,
          astNode: undefined,
          extensionASTNodes: undefined,
          _fields: #function#
        },
        defaultValue: undefined,
        extensions: undefined,
        astNode: undefined
      },
      Object{
        name: \\"where\\",
        description: null,
        type: GraphQLScalarType{
          name: \\"SequelizeJSON\\",
          description: \\"The \`JSON\` scalar type represents raw JSON as values.\\",
          serialize: #function#,
          parseValue: #function#,
          parseLiteral: #function#,
          extensions: undefined,
          astNode: undefined,
          extensionASTNodes: undefined
        },
        defaultValue: undefined,
        extensions: undefined,
        astNode: undefined
      }
    ],
    resolve: #function#,
    name: \\"UserUpdate\\",
    subscribe: undefined,
    isDeprecated: false,
    deprecationReason: undefined,
    extensions: undefined,
    astNode: undefined
  },
  UserDelete: Object{
    type: GraphQLScalarType{
      name: \\"Int\\",
      description: \\"The \`Int\` scalar type represents non-fractional signed whole numeric values. Int can represent values between -(2^31) and 2^31 - 1.\\",
      serialize: #function#,
      parseValue: #function#,
      parseLiteral: #function#,
      extensions: undefined,
      astNode: undefined,
      extensionASTNodes: undefined
    },
    description: \\"Delete a User\\",
    args: [
      Object{
        name: \\"id\\",
        description: null,
        type: GraphQLScalarType{
          name: \\"Int\\",
          description: \\"The \`Int\` scalar type represents non-fractional signed whole numeric values. Int can represent values between -(2^31) and 2^31 - 1.\\",
          serialize: #function#,
          parseValue: #function#,
          parseLiteral: #function#,
          extensions: undefined,
          astNode: undefined,
          extensionASTNodes: undefined
        },
        defaultValue: undefined,
        extensions: undefined,
        astNode: undefined
      },
      Object{
        name: \\"where\\",
        description: null,
        type: GraphQLScalarType{
          name: \\"SequelizeJSON\\",
          description: \\"The \`JSON\` scalar type represents raw JSON as values.\\",
          serialize: #function#,
          parseValue: #function#,
          parseLiteral: #function#,
          extensions: undefined,
          astNode: undefined,
          extensionASTNodes: undefined
        },
        defaultValue: undefined,
        extensions: undefined,
        astNode: undefined
      }
    ],
    resolve: #function#,
    name: \\"UserDelete\\",
    subscribe: undefined,
    isDeprecated: false,
    deprecationReason: undefined,
    extensions: undefined,
    astNode: undefined
  }
}"
`;
